// Jest Snapshot v1, https://goo.gl/fbAQLP

exports[`should render ExpenseListItem correctly 1`] = `
<div>
  <Link
    replace={false}
    to="/edit/1"
  >
    <h1>
      React course
    </h1>
  </Link>
  <p>
    $1.95
    -
    January 1st, 1970
  </p>
</div>
`;
